nohup: ignoring input
Loaded Jacobian: shape=(106140, 106140), nnz=5961200, density=5.29e-04
Solving: sigma=59.72167634474197j, nev=10, ncv=300, factorization=mumps, nprocs=4
Run time: 35.56s (4 MPI ranks)

Converged eigenpairs: 113 / 10 requested
  0      12.798011      51.499954     4.36e-06  UNRELIABLE
  1      15.593963      59.600956     4.43e-06  UNRELIABLE
  2       7.120113      45.683439     5.43e-06  UNRELIABLE
  3      15.074399      55.132057     3.76e-06  UNRELIABLE
  4      18.209986      68.287392     2.71e-06  UNRELIABLE
  5      12.618026      43.133807     5.75e-06  UNRELIABLE
  6      22.859038      66.797208     6.86e-06  UNRELIABLE
  7      24.129406      52.674971     3.49e-06  UNRELIABLE
  8      18.106602      41.517728     8.64e-06  UNRELIABLE
  9      10.671824      34.723170     9.97e-06  UNRELIABLE
 10      21.184916      77.016057     5.41e-06  UNRELIABLE
 11      26.891040      65.233622     2.21e-06  UNRELIABLE
 12      29.911884      59.013872     2.39e-06  UNRELIABLE
 13      15.361124      32.474668     9.37e-06  UNRELIABLE
 14      24.139283      84.771332     2.19e-06  UNRELIABLE
 15      30.604866      77.312642     1.10e-06  UNRELIABLE
 16      10.920462      25.778217     1.13e-05  UNRELIABLE
 17      18.573249      28.510724     4.86e-06  UNRELIABLE
 18      36.937323      54.846713     3.20e-06  UNRELIABLE
 19      35.482893      46.293135     5.32e-06  UNRELIABLE
 20      32.130964      38.629804     5.52e-06  UNRELIABLE
 21      10.825794      22.818091     1.70e-05  UNRELIABLE
 22      31.182784      85.686914     3.78e-06  UNRELIABLE
 23      41.146696      66.056713     2.35e-06  UNRELIABLE
 24      20.037253      96.768941     9.71e-06  UNRELIABLE
 25      17.347891      21.319978     1.21e-05  UNRELIABLE
 26      30.598598      30.059508     9.19e-06  UNRELIABLE
 27       7.754539      17.018020     4.46e-05  UNRELIABLE
 28      27.762763      93.134087     4.71e-06  UNRELIABLE
 29      42.595673      50.039260     9.19e-07  UNSTABLE
 30      28.721647      24.147097     5.03e-06  UNRELIABLE
 31      43.940469      46.060213     1.51e-06  UNRELIABLE
 32      41.312777      39.308370     2.11e-06  UNRELIABLE
 33      38.995876      34.780649     1.13e-06  UNRELIABLE
 34      36.158321      29.939637     4.93e-06  UNRELIABLE
 35      31.378652      24.898111     4.96e-06  UNRELIABLE
 36      38.199514      32.379676     3.10e-06  UNRELIABLE
 37      44.305142      43.329011     1.40e-06  UNRELIABLE
 38      28.457491      21.905939     4.38e-06  UNRELIABLE
 39      47.236020      55.837759     9.78e-07  UNSTABLE
 40      24.269818      18.916458     5.37e-06  UNRELIABLE
 41      35.510167      91.519177     2.11e-06  UNRELIABLE
 42      33.268793      25.391515     3.01e-06  UNRELIABLE
 43      14.860268      14.006745     1.57e-05  UNRELIABLE
 44      45.764405      75.969958     2.95e-06  UNRELIABLE
 45      12.156275      12.068324     2.97e-05  UNRELIABLE
 46      33.362740      22.296855     1.57e-06  UNRELIABLE
 47      40.500339      30.062210     2.36e-07  UNSTABLE
 48      44.241661      35.946621     2.83e-07  UNSTABLE
 49      23.513023      15.245478     1.03e-05  UNRELIABLE
 50      28.941835      18.368247     9.49e-06  UNRELIABLE
 51      42.014089      31.712941     1.66e-07  UNSTABLE
 52      50.508610      62.529299     9.16e-07  UNSTABLE
 53      44.827378      33.949985     1.76e-07  UNSTABLE
 54      25.693675     105.017031     1.44e-06  UNRELIABLE
 55      49.166054      41.954736     3.51e-07  UNSTABLE
 56      52.151172      54.578099     1.53e-07  UNSTABLE
 57       7.848846       7.884689     1.13e-04  UNRELIABLE
 58       6.302941       7.626377     1.27e-04  UNRELIABLE
 59      48.938016      38.933301     1.36e-07  UNSTABLE
 60      29.398890      15.416523     6.85e-06  UNRELIABLE
 61      32.699356      17.756451     3.75e-06  UNRELIABLE
 62      52.714144      52.042737     3.80e-07  UNSTABLE
 63      21.385452      10.412373     1.81e-05  UNRELIABLE
 64      38.785203      22.303553     1.80e-07  UNSTABLE
 65      42.802755      26.967001     1.36e-07  UNSTABLE
 66      23.707825      11.271459     2.15e-05  UNRELIABLE
 67      49.295384      81.645613     2.60e-06  UNRELIABLE
 68      34.167709     101.507966     5.33e-06  UNRELIABLE
 69      22.154872      10.479649     2.09e-05  UNRELIABLE
 70      42.383792      26.228666     2.00e-07  UNSTABLE
 71      51.744027      43.441050     1.45e-07  UNSTABLE
 72      42.120632      25.492903     1.66e-07  UNSTABLE
 73      41.388315      24.551442     1.67e-07  UNSTABLE
 74      14.720111       7.411304     5.41e-05  UNRELIABLE
 75      38.701615      21.095969     2.00e-07  UNSTABLE
 76      40.878191      23.389085     2.16e-07  UNSTABLE
 77      39.828672      22.217854     1.36e-07  UNSTABLE
 78      44.137548      27.375592     1.88e-07  UNSTABLE
 79      45.862508      29.672048     1.58e-07  UNSTABLE
 80      29.502322      13.482972     2.36e-06  UNRELIABLE
 81      45.166870      28.594518     2.23e-07  UNSTABLE
 82      38.145693      19.959916     2.11e-07  UNSTABLE
 83      46.797438      30.627109     1.40e-07  UNSTABLE
 84      47.682774      31.807626     1.26e-07  UNSTABLE
 85      48.379709      32.942362     1.52e-07  UNSTABLE
 86      29.433087      12.843209     3.61e-06  UNRELIABLE
 87      33.551989      15.610301     9.50e-07  UNSTABLE
 88      37.265172      18.645311     2.32e-07  UNSTABLE
 89      49.828460      35.313810     1.55e-07  UNSTABLE
 90      34.775503      16.476645     4.77e-07  UNSTABLE
 91      49.186883      33.902288     1.77e-07  UNSTABLE
 92      36.073625      17.436100     2.90e-07  UNSTABLE
 93      14.583885       6.071847     6.63e-05  UNRELIABLE
 94      54.959204      68.189236     8.62e-07  UNSTABLE
 95      32.539494      14.582239     4.82e-07  UNSTABLE
 96      38.330862     100.108442     5.05e-06  UNRELIABLE
 97      55.710177      61.010433     2.03e-07  UNSTABLE
 98      31.086116      13.445196     1.86e-06  UNRELIABLE
 99      26.900576      10.858963     1.15e-05  UNRELIABLE
100      50.316769      35.640142     1.61e-07  UNSTABLE
101      27.127534      10.862786     1.11e-05  UNRELIABLE
102      23.140522       8.661541     2.53e-05  UNRELIABLE
103      28.674826      11.431180     5.29e-06  UNRELIABLE
104      41.447045      97.743685     2.18e-06  UNRELIABLE
105      51.456179      36.768342     1.10e-07  UNSTABLE
106      55.380634      48.595786     1.38e-07  UNSTABLE
107      52.356272      37.880275     1.07e-07  UNSTABLE
108      12.700108       4.253883     1.00e-04  UNRELIABLE
109      53.210210      39.004107     1.05e-07  UNSTABLE
110      26.405924       8.863989     1.41e-05  UNRELIABLE
111      54.002860      40.052354     1.15e-07  UNSTABLE
112      19.366907       5.186838     4.80e-05  UNRELIABLE

Saved to /home/ahf25/git/flux_jacobian/data/eigendata/eigendata_21228_Re60_M0.2_nev10_ncv300_np4.npz
